src/routes/ingest-document.ts(20,65): error TS2769: No overload matches this call.
  Overload 1 of 2, '(values: never, options?: { count?: "exact" | "planned" | "estimated" | undefined; } | undefined): PostgrestFilterBuilder<{ PostgrestVersion: "12"; }, never, never, null, "knowledge_docs", never, "POST">', gave the following error.
    Argument of type '{ title: any; content_chunk: any; embedding: number[]; category: any; }' is not assignable to parameter of type 'never'.
  Overload 2 of 2, '(values: never[], options?: { count?: "exact" | "planned" | "estimated" | undefined; defaultToNull?: boolean | undefined; } | undefined): PostgrestFilterBuilder<{ PostgrestVersion: "12"; }, never, never, null, "knowledge_docs", never, "POST">', gave the following error.
    Object literal may only specify known properties, and 'title' does not exist in type 'never[]'.
src/routes/invite.ts(24,22): error TS2339: Property 'user_id' does not exist on type 'never'.
src/routes/invite.ts(44,14): error TS2769: No overload matches this call.
  Overload 1 of 2, '(values: never, options?: { count?: "exact" | "planned" | "estimated" | undefined; } | undefined): PostgrestFilterBuilder<{ PostgrestVersion: "12"; }, never, never, null, "project_members", never, "POST">', gave the following error.
    Argument of type '{ project_id: any; user_id: any; role: any; }' is not assignable to parameter of type 'never'.
  Overload 2 of 2, '(values: never[], options?: { count?: "exact" | "planned" | "estimated" | undefined; defaultToNull?: boolean | undefined; } | undefined): PostgrestFilterBuilder<{ PostgrestVersion: "12"; }, never, never, null, "project_members", never, "POST">', gave the following error.
    Object literal may only specify known properties, and 'project_id' does not exist in type 'never[]'.
src/routes/invite.ts(46,40): error TS2339: Property 'id' does not exist on type 'never'.
src/routes/projects.ts(21,14): error TS2769: No overload matches this call.
  Overload 1 of 2, '(values: never, options?: { count?: "exact" | "planned" | "estimated" | undefined; } | undefined): PostgrestFilterBuilder<{ PostgrestVersion: "12"; }, never, never, null, "projects", never, "POST">', gave the following error.
    Argument of type '{ user_id: string; title: any; description: any; theme: any; location: any; status: string; logic_health_score: number; }' is not assignable to parameter of type 'never'.
  Overload 2 of 2, '(values: never[], options?: { count?: "exact" | "planned" | "estimated" | undefined; defaultToNull?: boolean | undefined; } | undefined): PostgrestFilterBuilder<{ PostgrestVersion: "12"; }, never, never, null, "projects", never, "POST">', gave the following error.
    Object literal may only specify known properties, and 'user_id' does not exist in type 'never[]'.
src/routes/projects.ts(38,41): error TS2339: Property 'id' does not exist on type 'never'.
src/routes/projects.ts(81,19): error TS2339: Property 'id' does not exist on type 'never'.
src/routes/projects.ts(82,21): error TS2339: Property 'type' does not exist on type 'never'.
src/routes/projects.ts(83,30): error TS2339: Property 'position_x' does not exist on type 'never'.
src/routes/projects.ts(83,47): error TS2339: Property 'position_y' does not exist on type 'never'.
src/routes/projects.ts(84,27): error TS2339: Property 'data' does not exist on type 'never'.
src/routes/projects.ts(84,59): error TS2339: Property 'label' does not exist on type 'never'.
src/routes/projects.ts(88,19): error TS2339: Property 'id' does not exist on type 'never'.
src/routes/projects.ts(89,23): error TS2339: Property 'source_node_id' does not exist on type 'never'.
src/routes/projects.ts(90,23): error TS2339: Property 'target_node_id' does not exist on type 'never'.
src/routes/projects.ts(92,36): error TS2339: Property 'interaction_type' does not exist on type 'never'.
src/routes/projects.ts(93,31): error TS2339: Property 'indicators' does not exist on type 'never'.
src/routes/projects.ts(119,21): error TS2345: Argument of type '{ logic_health_score: any; updated_at: string; }' is not assignable to parameter of type 'never'.
src/routes/simulation.ts(122,21): error TS2345: Argument of type '{ logic_health_score: number; }' is not assignable to parameter of type 'never'.
src/routes/templates.ts(47,82): error TS2345: Argument of type '{ query_embedding: number[]; match_threshold: number; match_count: number; }' is not assignable to parameter of type 'undefined'.
src/routes/templates.ts(90,14): error TS2769: No overload matches this call.
  Overload 1 of 2, '(values: never, options?: { count?: "exact" | "planned" | "estimated" | undefined; } | undefined): PostgrestFilterBuilder<{ PostgrestVersion: "12"; }, never, never, null, "projects", never, "POST">', gave the following error.
    Argument of type '{ user_id: string; title: any; description: string; status: string; logic_health_score: number; theme: any; }' is not assignable to parameter of type 'never'.
  Overload 2 of 2, '(values: never[], options?: { count?: "exact" | "planned" | "estimated" | undefined; defaultToNull?: boolean | undefined; } | undefined): PostgrestFilterBuilder<{ PostgrestVersion: "12"; }, never, never, null, "projects", never, "POST">', gave the following error.
    Object literal may only specify known properties, and 'user_id' does not exist in type 'never[]'.
src/routes/templates.ts(92,60): error TS2339: Property 'title' does not exist on type 'never'.
src/routes/templates.ts(93,54): error TS2339: Property 'title' does not exist on type 'never'.
src/routes/templates.ts(96,33): error TS2339: Property 'domain' does not exist on type 'never'.
src/routes/templates.ts(109,28): error TS2339: Property 'id' does not exist on type 'never'.
src/routes/users.ts(91,21): error TS2345: Argument of type 'any' is not assignable to parameter of type 'never'.
src/routes/users.ts(119,27): error TS2339: Property 'org_name' does not exist on type 'never'.
src/routes/users.ts(127,41): error TS2339: Property 'org_name' does not exist on type 'never'.
src/routes/users.ts(151,21): error TS2345: Argument of type '{ org_name: null; }' is not assignable to parameter of type 'never'.
